// Jest Snapshot v1, https://goo.gl/fbAQLP

exports[`ExerciseList snapshot 렌더링 결과가 스냅샷과 일치하는지 확인한다 1`] = `
<DocumentFragment>
  <ul
    class="h-full flex flex-col gap-1 mt-[14px]"
  >
    <li
      aria-labelledby="name"
      class="px-3 flex justify-between w-full h-[51px] rounded-lg bg-bg-surface"
    >
      <div
        class="flex items-center gap-5"
      >
        <div
          class="bg-slate-300 w-8 h-8"
        />
        <span
          class="text-primary"
        >
          벤치프레스
        </span>
      </div>
      <div
        class="self-center"
        role="button"
      >
        <img
          alt="북마크 해제"
          src="/img.jpg"
        />
      </div>
    </li>
    <li
      aria-labelledby="name"
      class="px-3 flex justify-between w-full h-[51px] rounded-lg bg-bg-surface"
    >
      <div
        class="flex items-center gap-5"
      >
        <div
          class="bg-slate-300 w-8 h-8"
        />
        <span
          class="text-primary"
        >
          스쿼트
        </span>
      </div>
      <div
        class="self-center"
        role="button"
      >
        <img
          alt="북마크"
          src="/img.jpg"
        />
      </div>
    </li>
    <li
      aria-labelledby="name"
      class="px-3 flex justify-between w-full h-[51px] rounded-lg bg-bg-surface"
    >
      <div
        class="flex items-center gap-5"
      >
        <div
          class="bg-slate-300 w-8 h-8"
        />
        <span
          class=""
        >
          데드리프트
        </span>
      </div>
      <div
        class="self-center"
        role="button"
      >
        <img
          alt="북마크 해제"
          src="/img.jpg"
        />
      </div>
    </li>
    <li
      aria-labelledby="name"
      class="px-3 flex justify-between w-full h-[51px] rounded-lg bg-bg-surface"
    >
      <div
        class="flex items-center gap-5"
      >
        <div
          class="bg-slate-300 w-8 h-8"
        />
        <span
          class=""
        >
          랫풀다운
        </span>
      </div>
      <div
        class="self-center"
        role="button"
      >
        <img
          alt="북마크 해제"
          src="/img.jpg"
        />
      </div>
    </li>
  </ul>
</DocumentFragment>
`;

exports[`ExerciseList snapshot 빈 exercises 배열일 때, 스냅샷 결과가 일치하는지 확인한다 1`] = `
<DocumentFragment>
  <ul
    class="h-full flex flex-col gap-1 mt-[14px]"
  />
</DocumentFragment>
`;
